[debug] [2026-05-19T07:42:13.904Z] ----------------------------------------------------------------------
[debug] [2026-05-19T07:42:13.905Z] Command:       /Users/antim/.nvm/versions/node/v24.14.1/bin/node /Users/antim/.nvm/versions/node/v24.14.1/bin/firebase deploy --only hosting --project dashboard-analytics-49500
[debug] [2026-05-19T07:42:13.905Z] CLI Version:   15.16.0
[debug] [2026-05-19T07:42:13.905Z] Platform:      darwin
[debug] [2026-05-19T07:42:13.905Z] Node Version:  v24.14.1
[debug] [2026-05-19T07:42:13.905Z] Time:          Tue May 19 2026 13:12:13 GMT+0530 (India Standard Time)
[debug] [2026-05-19T07:42:13.905Z] ----------------------------------------------------------------------
[debug] 
[debug] [2026-05-19T07:42:14.406Z] > command requires scopes: ["email","openid","https://www.googleapis.com/auth/cloudplatformprojects.readonly","https://www.googleapis.com/auth/firebase","https://www.googleapis.com/auth/cloud-platform"]
[debug] [2026-05-19T07:42:14.406Z] > authorizing via signed-in user (antim@onestolabs.com)
[debug] [2026-05-19T07:42:14.406Z] [iam] checking project dashboard-analytics-49500 for permissions ["firebase.projects.get","firebasehosting.sites.update"]
[debug] [2026-05-19T07:42:14.406Z] Checked if tokens are valid: true, expires at: 1779178046076
[debug] [2026-05-19T07:42:14.406Z] Checked if tokens are valid: true, expires at: 1779178046076
[debug] [2026-05-19T07:42:14.407Z] >>> [apiv2][query] POST https://cloudresourcemanager.googleapis.com/v1/projects/dashboard-analytics-49500:testIamPermissions [none]
[debug] [2026-05-19T07:42:14.407Z] >>> [apiv2][(partial)header] POST https://cloudresourcemanager.googleapis.com/v1/projects/dashboard-analytics-49500:testIamPermissions  x-goog-user-project=dashboard-analytics-49500
[debug] [2026-05-19T07:42:14.407Z] >>> [apiv2][body] POST https://cloudresourcemanager.googleapis.com/v1/projects/dashboard-analytics-49500:testIamPermissions {"permissions":["firebase.projects.get","firebasehosting.sites.update"]}
[debug] [2026-05-19T07:42:16.486Z] <<< [apiv2][status] POST https://cloudresourcemanager.googleapis.com/v1/projects/dashboard-analytics-49500:testIamPermissions 400
[debug] [2026-05-19T07:42:16.486Z] <<< [apiv2][body] POST https://cloudresourcemanager.googleapis.com/v1/projects/dashboard-analytics-49500:testIamPermissions {"error":{"code":400,"message":"Project 'projects/dashboard-analytics-49500' not found or deleted.","status":"INVALID_ARGUMENT","details":[{"@type":"type.googleapis.com/google.rpc.ErrorInfo","reason":"USER_PROJECT_DENIED","domain":"googleapis.com","metadata":{"service":"cloudresourcemanager.googleapis.com","consumer":"projects/dashboard-analytics-49500","containerInfo":"projects/dashboard-analytics-49500"}}]}}
[debug] [2026-05-19T07:42:16.487Z] [iam] error while checking permissions, command may fail: Request to https://cloudresourcemanager.googleapis.com/v1/projects/dashboard-analytics-49500:testIamPermissions had HTTP Error: 400, Project 'projects/dashboard-analytics-49500' not found or deleted.
[debug] [2026-05-19T07:42:16.487Z] Checked if tokens are valid: true, expires at: 1779178046076
[debug] [2026-05-19T07:42:16.487Z] Checked if tokens are valid: true, expires at: 1779178046076
[debug] [2026-05-19T07:42:16.487Z] >>> [apiv2][query] GET https://firebase.googleapis.com/v1beta1/projects/dashboard-analytics-49500 [none]
[debug] [2026-05-19T07:42:17.060Z] <<< [apiv2][status] GET https://firebase.googleapis.com/v1beta1/projects/dashboard-analytics-49500 403
[debug] [2026-05-19T07:42:17.061Z] <<< [apiv2][body] GET https://firebase.googleapis.com/v1beta1/projects/dashboard-analytics-49500 {"error":{"code":403,"message":"The caller does not have permission","status":"PERMISSION_DENIED"}}
[debug] [2026-05-19T07:42:17.061Z] Request to https://firebase.googleapis.com/v1beta1/projects/dashboard-analytics-49500 had HTTP Error: 403, The caller does not have permission
[debug] [2026-05-19T07:42:17.241Z] FirebaseError: Request to https://firebase.googleapis.com/v1beta1/projects/dashboard-analytics-49500 had HTTP Error: 403, The caller does not have permission
    at responseToError (/Users/antim/.nvm/versions/node/v24.14.1/lib/node_modules/firebase-tools/lib/responseToError.js:53:12)
    at RetryOperation._fn (/Users/antim/.nvm/versions/node/v24.14.1/lib/node_modules/firebase-tools/lib/apiv2.js:333:77)
    at process.processTicksAndRejections (node:internal/process/task_queues:104:5)
[error] 
[error] Error: Failed to get Firebase project dashboard-analytics-49500. Please make sure the project exists and your account has permission to access it.
